207.46.13.94 - - [26/Aug/2014:06:27:54 -0600] "GET /entry/4094/reviews HTTP/1.1" 200 4169 "-" "Mozilla/5.0 (compatible; bingbot/2.0; +http://www.bing.com/bingbot.htm)"
207.46.13.94 - - [26/Aug/2014:06:27:54 -0600] "GET /images/4094/reviews HTTP/1.1" 200 4169 "-" "Mozilla/5.0 (compatible; bingbot/2.0; +http://www.bing.com/bingbot.htm)"
207.46.13.94 - - [26/Aug/2014:06:27:54 -0600] "GET /entry/4094/reviews HTTP/1.1" 200 4169 "-" "Mozilla/5.0 (compatible; bingbot/2.0; +http://www.bing.com/bingbot.htm)"
207.46.13.94 - - [26/Aug/2014:06:27:54 -0600] "GET /entry/4095/reviews HTTP/1.1" 200 4169 "-" "Mozilla/5.0 (compatible; bingbot/2.0; +http://www.bing.com/bingbot.htm)"
207.46.13.94 - - [26/Aug/2014:06:27:54 -0600] "GET /entry/4094/reviews HTTP/1.1" 200 4169 "-" "Mozilla/5.0 (compatible; bingbot/2.0; +http://www.bing.com/bingbot.htm)"
207.46.13.94 - - [26/Aug/2014:06:27:54 -0600] "GET /entry/favicon.ico HTTP/1.1" 200 4169 "-" "Mozilla/5.0 (compatible; bingbot/2.0; +http://www.bing.com/bingbot.htm)"
131.253.24.55 - - [26/Aug/2014:06:30:54 -0600] "GET /7b0744/css/vegguide-combined.css HTTP/1.1" 200 20810 "-" "Mozilla/5.0 (compatible; MSIE 9.0; Windows NT 6.0; Trident/5.0;  Trident/5.0)"
131.253.24.55 - - [26/Aug/2014:06:30:55 -0600] "GET /7b0744/js/vegguide-combined.js HTTP/1.1" 200 94167 "-" "Mozilla/5.0 (compatible; MSIE 9.0; Windows NT 6.0; Trident/5.0;  Trident/5.0)"
68.180.225.35 - - [26/Aug/2014:06:31:40 -0600] "GET /region/616/filter/veg_level=2 HTTP/1.1" 200 9216 "-" "Mozilla/5.0 (compatible; Yahoo! Slurp; http://help.yahoo.com/help/us/ysearch/slurp)"
183.60.213.53 - - [26/Aug/2014:06:31:46 -0600] "GET /user/379 HTTP/1.1" 200 3549 "-" "Mozilla/5.0 (compatible; EasouSpider; +http://www.easou.com/search/spider.html)"
199.30.80.104 - - [26/Aug/2014:06:31:53 -0600] "GET /location/view.html?location_id=174&new_query=1 HTTP/1.1" 301 178 "-" "Mozilla/5.0 (Windows NT 6.1; rv:12.0; StumbleUpon; noc@stumbleupon.com) Gecko/20100101 Firefox/12.0"
199.30.80.104 - - [26/Aug/2014:06:31:53 -0600] "GET /region/174 HTTP/1.1" 200 5666 "-" "Mozilla/5.0 (Windows NT 6.1; rv:12.0; StumbleUpon; noc@stumbleupon.com) Gecko/20100101 Firefox/12.0"
193.202.255.201 - - [26/Aug/2014:06:31:53 -0600] "GET /entry/14769 HTTP/1.1" 200 11696 "-" "Mozilla/5.0 (compatible; MSIE 9.0; Windows NT 6.1; WOW64; Trident/5.0)"
207.46.13.94 - - [26/Aug/2014:06:31:54 -0600] "GET /region/642/filter/veg_level=2 HTTP/1.1" 200 8169 "-" "Mozilla/5.0 (compatible; bingbot/2.0; +http://www.bing.com/bingbot.htm)"
193.202.255.201 - - [26/Aug/2014:06:31:54 -0600] "GET /images/caa-logo.png HTTP/1.1" 200 10681 "-" "Mozilla/5.0 (compatible; MSIE 9.0; Windows NT 6.1; WOW64; Trident/5.0)"
62.210.122.209 - - [26/Aug/2014:06:31:01 -0600] "GET /region/35.rss HTTP/1.1" 200 1123880 "-" "Mozilla/4.0 (compatible; MSIE 6.0; Windows NT 5.1; SV1)"
66.249.69.161 - - [26/Aug/2014:06:31:03 -0600] "GET /entry/6427/reviews HTTP/1.1" 200 3560 "-" "Mozilla/5.0 (compatible; Googlebot/2.1; +http://www.google.com/bot.html)"
199.30.27.2 - - [26/Aug/2014:06:31:07 -0600] "GET /robots.txt HTTP/1.1" 200 151 "-" "msnbot-UDiscovery/2.0b (+http://search.msn.com/msnbot.htm)"
199.30.27.2 - - [26/Aug/2014:06:31:07 -0600] "GET /site/recent.rss?entries_only=1 HTTP/1.1" 200 8228 "-" "msnbot-UDiscovery/2.0b (+http://search.msn.com/msnbot.htm)"
23.81.239.246 - - [26/Aug/2014:06:36:57 -0600] "GET /mailman/listinfo/community HTTP/1.1" 301 178 "-" "Mozilla/5.0 (Windows NT 6.1; rv:2.0b7pre) Gecko/20100921 Firefox/4.0b7pre"
66.249.83.52 - - [26/Aug/2014:06:36:57 -0600] "GET /region/2/recent.atom HTTP/1.1" 200 20545 "-" "Feedfetcher-Google; (+http://www.google.com/feedfetcher.html; feed-id=13566649440585839706)"
107.138.26.216 - - [26/Aug/2014:06:36:58 -0600] "GET /region/2/recent.atom HTTP/1.1" 200 20545 "-" "Mozilla/5.0 (compatible; Genieo/1.0 http://www.genieo.com/webfilter.html)"
193.175.73.218 - - [26/Aug/2014:06:37:05 -0600] "GET /images/vo-logo.gif HTTP/1.1" 200 1553 "-" "Mozilla/5.0 (Windows NT 6.1; WOW64) AppleWebKit/537.36 (KHTML, like Gecko) Chrome/36.0.1985.143 Safari/537.36"
193.175.73.218 - - [26/Aug/2014:06:37:05 -0600] "GET /images/loader.gif HTTP/1.1" 200 3208 "-" "Mozilla/5.0 (Windows NT 6.1; WOW64) AppleWebKit/537.36 (KHTML, like Gecko) Chrome/36.0.1985.143 Safari/537.36"
193.175.73.218 - - [26/Aug/2014:06:37:05 -0600] "GET /images/transparent.gif HTTP/1.1" 200 49 "-" "Mozilla/5.0 (Windows NT 6.1; WOW64) AppleWebKit/537.36 (KHTML, like Gecko) Chrome/36.0.1985.143 Safari/537.36"
193.175.73.218 - - [26/Aug/2014:06:37:06 -0600] "GET /images/favicon.ico HTTP/1.1" 200 1022 "-" "Mozilla/5.0 (Windows NT 6.1; WOW64) AppleWebKit/537.36 (KHTML, like Gecko) Chrome/36.0.1985.143 Safari/537.36"
208.115.113.88 - - [26/Aug/2014:06:37:21 -0600] "GET /region/1317 HTTP/1.1" 200 8617 "-" "Mozilla/5.0 (compatible; DotBot/1.1; http://www.opensiteexplorer.org/dotbot, help@moz.com)"
157.55.39.70 - - [26/Aug/2014:06:37:23 -0600] "GET /region/1812/filter/category_id=1 HTTP/1.1" 200 4189 "-" "Mozilla/5.0 (compatible; bingbot/2.0; +http://www.bing.com/bingbot.htm)"
65.55.215.236 - - [26/Aug/2014:06:37:26 -0600] "GET /entry/17517 HTTP/1.1" 200 4590 "-" "Mozilla/5.0 (compatible; MSIE 9.0; Windows NT 6.0; Trident/5.0;  Trident/5.0)"
65.55.215.236 - - [26/Aug/2014:06:37:28 -0600] "GET /7b0744/css/vegguide-combined.css HTTP/1.1" 200 20810 "-" "Mozilla/5.0 (compatible; MSIE 9.0; Windows NT 6.0; Trident/5.0;  Trident/5.0)"
65.55.215.236 - - [26/Aug/2014:06:37:29 -0600] "GET /7b0744/js/vegguide-combined.js HTTP/1.1" 200 94167 "-" "Mozilla/5.0 (compatible; MSIE 9.0; Windows NT 6.0; Trident/5.0;  Trident/5.0)"
66.249.69.177 - - [26/Aug/2014:06:37:39 -0600] "GET /entry/2160/edit_form HTTP/1.1" 302 338 "-" "Mozilla/5.0 (compatible; Googlebot/2.1; +http://www.google.com/bot.html)"
183.60.213.53 - - [26/Aug/2014:06:37:41 -0600] "GET /entry/4902/review_form HTTP/1.1" 302 338 "-" "Mozilla/5.0 (compatible; EasouSpider; +http://www.easou.com/search/spider.html)"
66.249.69.177 - - [26/Aug/2014:06:37:43 -0600] "GET /entry/8985/reviews HTTP/1.1" 200 3101 "-" "Mozilla/5.0 (iPhone; CPU iPhone OS 6_0 like Mac OS X) AppleWebKit/536.26 (KHTML, like Gecko) Version/6.0 Mobile/10A5376e Safari/8536.25 (compatible; Googlebot/2.1; +http://www.google.com/bot.html)"
68.180.225.35 - - [26/Aug/2014:06:37:45 -0600] "GET /entry/19799 HTTP/1.1" 200 4567 "-" "Mozilla/5.0 (compatible; Yahoo! Slurp; http://help.yahoo.com/help/us/ysearch/slurp)"
204.225.119.20 - - [26/Aug/2014:06:37:46 -0600] "GET /entry/2708 HTTP/1.1" 200 12570 "-" "Mozilla/4.0 (compatible; MSIE 8.0; Win32)"
199.21.99.207 - - [26/Aug/2014:06:37:47 -0600] "GET /entry-images/7186/7186-3382-small.gif HTTP/1.1" 304 0 "-" "Mozilla/5.0 (compatible; YandexImages/3.0; +http://yandex.com/bots)"
157.55.39.71 - - [26/Aug/2014:06:37:53 -0600] "GET /region/2572 HTTP/1.1" 200 4085 "-" "Mozilla/5.0 (compatible; bingbot/2.0; +http://www.bing.com/bingbot.htm)"
66.249.69.161 - - [26/Aug/2014:06:37:56 -0600] "GET /entry/19600/reviews HTTP/1.1" 200 3063 "-" "Mozilla/5.0 (compatible; Googlebot/2.1; +http://www.google.com/bot.html)"
208.115.113.88 - - [26/Aug/2014:06:38:06 -0600] "GET /region/136/filter/ HTTP/1.1" 200 49411 "-" "Mozilla/5.0 (compatible; DotBot/1.1; http://www.opensiteexplorer.org/dotbot, help@moz.com)"
212.150.211.182 - - [26/Aug/2014:06:38:06 -0600] "GET /site/recent.atom?entries_only=1 HTTP/1.1" 200 8318 "-" "UniversalFeedParser/5.1.3 +https://code.google.com/p/feedparser/"
66.249.69.193 - - [26/Aug/2014:06:38:16 -0600] "GET /entry/2160/images_form HTTP/1.1" 302 338 "-" "Mozilla/5.0 (compatible; Googlebot/2.1; +http://www.google.com/bot.html)"
193.175.73.218 - - [26/Aug/2014:06:38:22 -0600] "GET /entry/16049 HTTP/1.1" 200 12116 "-" "Mozilla/5.0 (Windows NT 6.1; WOW64) AppleWebKit/537.36 (KHTML, like Gecko) Chrome/36.0.1985.143 Safari/537.36"
193.175.73.218 - - [26/Aug/2014:06:38:23 -0600] "GET /images/upload-an-image.png HTTP/1.1" 200 7026 "-" "Mozilla/5.0 (Windows NT 6.1; WOW64) AppleWebKit/537.36 (KHTML, like Gecko) Chrome/36.0.1985.143 Safari/537.36"
193.175.73.218 - - [26/Aug/2014:06:38:23 -0600] "GET /images/red-bullet.png HTTP/1.1" 200 231 "-" "Mozilla/5.0 (Windows NT 6.1; WOW64) AppleWebKit/537.36 (KHTML, like Gecko) Chrome/36.0.1985.143 Safari/537.36"
193.175.73.218 - - [26/Aug/2014:06:38:23 -0600] "GET /images/ratings/blue-1-00.png HTTP/1.1" 200 1037 "-" "Mozilla/5.0 (Windows NT 6.1; WOW64) AppleWebKit/537.36 (KHTML, like Gecko) Chrome/36.0.1985.143 Safari/537.36"
157.55.39.70 - - [26/Aug/2014:06:38:23 -0600] "GET /region/2193/map/category_id=1 HTTP/1.1" 200 7613 "-" "Mozilla/5.0 (compatible; bingbot/2.0; +http://www.bing.com/bingbot.htm)"
193.175.73.218 - - [26/Aug/2014:06:38:24 -0600] "GET /images/ratings/blue-2-00.png HTTP/1.1" 200 1375 "-" "Mozilla/5.0 (Windows NT 6.1; WOW64) AppleWebKit/537.36 (KHTML, like Gecko) Chrome/36.0.1985.143 Safari/537.36"
193.175.73.218 - - [26/Aug/2014:06:38:24 -0600] "GET /images/ratings/blue-3-00.png HTTP/1.1" 200 1416 "-" "Mozilla/5.0 (Windows NT 6.1; WOW64) AppleWebKit/537.36 (KHTML, like Gecko) Chrome/36.0.1985.143 Safari/537.36"
193.175.73.218 - - [26/Aug/2014:06:38:24 -0600] "GET /images/ratings/blue-4-00.png HTTP/1.1" 200 1375 "-" "Mozilla/5.0 (Windows NT 6.1; WOW64) AppleWebKit/537.36 (KHTML, like Gecko) Chrome/36.0.1985.143 Safari/537.36"
193.175.73.218 - - [26/Aug/2014:06:38:24 -0600] "GET /images/ratings/blue-5-00.png HTTP/1.1" 200 1198 "-" "Mozilla/5.0 (Windows NT 6.1; WOW64) AppleWebKit/537.36 (KHTML, like Gecko) Chrome/36.0.1985.143 Safari/537.36"
193.175.73.218 - - [26/Aug/2014:06:38:24 -0600] "GET /region/60/filter?sort_order=ASC;page=2;order_by=name;limit=20 HTTP/1.1" 200 45274 "-" "Mozilla/5.0 (Windows NT 6.1; WOW64) AppleWebKit/537.36 (KHTML, like Gecko) Chrome/36.0.1985.143 Safari/537.36"
193.175.73.218 - - [26/Aug/2014:06:38:24 -0600] "GET /7b0744/images/ratings/green-3-00.png HTTP/1.1" 200 1105 "-" "Mozilla/5.0 (Windows NT 6.1; WOW64) AppleWebKit/537.36 (KHTML, like Gecko) Chrome/36.0.1985.143 Safari/537.36"
68.180.225.35 - - [26/Aug/2014:06:38:30 -0600] "GET /entry/2777 HTTP/1.1" 200 4707 "-" "Mozilla/5.0 (compatible; Yahoo! Slurp; http://help.yahoo.com/help/us/ysearch/slurp)"
54.235.99.68 - - [26/Aug/2014:06:38:39 -0600] "GET /region/67.rss HTTP/1.1" 200 742085 "-" "RSSGraffiti"
193.175.73.218 - - [26/Aug/2014:06:38:45 -0600] "GET /region/60/filter?sort_order=ASC;page=3;order_by=name;limit=20 HTTP/1.1" 200 30715 "-" "Mozilla/5.0 (Windows NT 6.1; WOW64) AppleWebKit/537.36 (KHTML, like Gecko) Chrome/36.0.1985.143 Safari/537.36"
208.115.113.88 - - [26/Aug/2014:06:38:51 -0600] "GET /region/1619/filter/veg_level=2 HTTP/1.1" 200 13025 "-" "Mozilla/5.0 (compatible; DotBot/1.1; http://www.opensiteexplorer.org/dotbot, help@moz.com)"
157.55.39.71 - - [26/Aug/2014:06:38:54 -0600] "GET /region/1756/filter/category_id=1 HTTP/1.1" 200 8333 "-" "Mozilla/5.0 (compatible; bingbot/2.0; +http://www.bing.com/bingbot.htm)"
66.249.69.193 - - [26/Aug/2014:06:38:56 -0600] "GET /entry/2160/edit_hours_form HTTP/1.1" 302 338 "-" "Mozilla/5.0 (compatible; Googlebot/2.1; +http://www.google.com/bot.html)"
66.249.69.193 - - [26/Aug/2014:06:38:57 -0600] "GET /region/392/filter/veg_level=2;category_id=1 HTTP/1.1" 200 4772 "-" "Mozilla/5.0 (compatible; Googlebot/2.1; +http://www.google.com/bot.html)"
66.249.69.193 - - [26/Aug/2014:06:39:05 -0600] "GET /entry/19773/reviews HTTP/1.1" 200 3079 "-" "Mozilla/5.0 (compatible; Googlebot/2.1; +http://www.google.com/bot.html)"
68.180.225.35 - - [26/Aug/2014:06:39:15 -0600] "GET /entry/6564 HTTP/1.1" 200 4442 "-" "Mozilla/5.0 (compatible; Yahoo! Slurp; http://help.yahoo.com/help/us/ysearch/slurp)"
37.58.100.142 - - [26/Aug/2014:06:39:16 -0600] "GET /entry/18641/reviews HTTP/1.1" 200 3686 "-" "Mozilla/5.0 (compatible; AhrefsBot/5.0; +http://ahrefs.com/robot/)"
157.55.39.70 - - [26/Aug/2014:06:39:24 -0600] "GET /entry/2414 HTTP/1.1" 200 5970 "-" "Mozilla/5.0 (compatible; bingbot/2.0; +http://www.bing.com/bingbot.htm)"
5.104.241.171 - - [26/Aug/2014:06:39:29 -0600] "GET /site/recent.rss HTTP/1.1" 200 20227 "-" "Mozilla/5.0 (Windows; U; Windows NT 6.1; en-US; rv:1.9.1b4) Gecko/20090423 Firefox/3.5b4 (.NET CLR 3.5.30729)"
5.104.241.171 - - [26/Aug/2014:06:39:30 -0600] "HEAD /site/recent.rss HTTP/1.1" 200 0 "-" "Mozilla/5.0 (Windows; U; Windows NT 6.1; en-US; rv:1.9.1b4) Gecko/20090423 Firefox/3.5b4 (.NET CLR 3.5.30729)"
23.239.8.38 - - [26/Aug/2014:06:39:31 -0600] "GET / HTTP/1.1" 301 178 "-" "check_http/v1.4.15 (nagios-plugins 1.4.15)"
23.239.8.38 - - [26/Aug/2014:06:39:31 -0600] "GET / HTTP/1.1" 200 10098 "-" "check_http/v1.4.15 (nagios-plugins 1.4.15)"
208.115.113.88 - - [26/Aug/2014:06:39:37 -0600] "GET /region/1835/filter?sort_order=DESC;page=1;order_by=name;limit=20 HTTP/1.1" 200 11733 "-" "Mozilla/5.0 (compatible; DotBot/1.1; http://www.opensiteexplorer.org/dotbot, help@moz.com)"
37.58.100.142 - - [26/Aug/2014:06:39:38 -0600] "GET /entry/near/40.4367%2C-110.827/filter/veg_level=2?unit=km;distance=2;address=84031 HTTP/1.1" 200 6274 "-" "Mozilla/5.0 (compatible; AhrefsBot/5.0; +http://ahrefs.com/robot/)"
66.249.69.193 - - [26/Aug/2014:06:39:39 -0600] "GET /site/clone_entry_form?vendor_id=2160 HTTP/1.1" 302 338 "-" "Mozilla/5.0 (compatible; Googlebot/2.1; +http://www.google.com/bot.html)"
157.55.39.71 - - [26/Aug/2014:06:39:54 -0600] "GET /entry/1516 HTTP/1.1" 200 6704 "-" "Mozilla/5.0 (compatible; bingbot/2.0; +http://www.bing.com/bingbot.htm)"
66.249.69.193 - - [26/Aug/2014:06:39:54 -0600] "GET /entry-images/14932/14932-6186-small.jpg HTTP/1.1" 200 34012 "-" "Googlebot-Image/1.0"
86.97.90.246 - - [26/Aug/2014:07:08:38 -0600] "GET /region/817 HTTP/1.1" 200 9017 "-" "Mozilla/5.0 (Macintosh; Intel Mac OS X 10_9_4) AppleWebKit/537.78.2 (KHTML, like Gecko) Version/7.0.6 Safari/537.78.2"
37.58.100.142 - - [26/Aug/2014:07:08:41 -0600] "GET /entry/near/28.5207%2C-99.8885/filter/category_id=1?unit=km;distance=50;sort_order=DESC;page=1;order_by=distance;address=78834;limit=20 HTTP/1.1" 200 6314 "-" "Mozilla/5.0 (compatible; AhrefsBot/5.0; +http://ahrefs.com/robot/)"
66.249.69.193 - - [26/Aug/2014:07:08:47 -0600] "GET /location/most_recent.rss?location_id=116 HTTP/1.1" 301 178 "-" "Mozilla/5.0 (compatible; Googlebot/2.1; +http://www.google.com/bot.html)"
66.249.69.177 - - [26/Aug/2014:07:08:48 -0600] "GET /region/116/recent.rss HTTP/1.1" 200 15981 "-" "Mozilla/5.0 (compatible; Googlebot/2.1; +http://www.google.com/bot.html)"
208.89.140.11 - - [26/Aug/2014:07:08:51 -0600] "GET /site HTTP/1.1" 302 280 "-" "Mozilla/4.0 (compatible; MSIE 8.0; Windows NT 6.2; Trident/4.0; SLCC2; .NET CLR 2.0.50727; .NET CLR 3.5.30729; .NET CLR 3.0.30729)"
208.89.140.11 - - [26/Aug/2014:07:08:51 -0600] "GET / HTTP/1.1" 200 10105 "-" "Mozilla/4.0 (compatible; MSIE 8.0; Windows NT 6.2; Trident/4.0; SLCC2; .NET CLR 2.0.50727; .NET CLR 3.5.30729; .NET CLR 3.0.30729)"
208.89.140.11 - - [26/Aug/2014:07:08:51 -0600] "HEAD /images/favicon.ico HTTP/1.1" 304 0 "-" "Mozilla/4.0 (compatible; MSIE 8.0; Windows NT 6.2; Trident/4.0; SLCC2; .NET CLR 2.0.50727; .NET CLR 3.5.30729; .NET CLR 3.0.30729)"
208.89.140.11 - - [26/Aug/2014:07:08:52 -0600] "GET /site/recent.rss HTTP/1.1" 200 20227 "-" "Mozilla/4.0 (compatible; MSIE 8.0; Windows NT 6.2; Trident/4.0; SLCC2; .NET CLR 2.0.50727; .NET CLR 3.5.30729; .NET CLR 3.0.30729)"
144.76.95.231 - - [26/Aug/2014:07:08:52 -0600] "GET /region/2179/filter/veg_level=2?sort_order=DESC;page=1;order_by=name;limit=20 HTTP/1.0" 200 12838 "-" "Mozilla/5.0 (compatible; MJ12bot/v1.4.5; http://www.majestic12.co.uk/bot.php?+)"
144.76.95.231 - - [26/Aug/2014:07:08:53 -0600] "GET /robots.txt HTTP/1.0" 200 151 "-" "Mozilla/5.0 (compatible; MJ12bot/v1.4.5; http://www.majestic12.co.uk/bot.php?+)"
66.249.69.161 - - [26/Aug/2014:07:08:53 -0600] "GET /region/2200/filter HTTP/1.1" 200 8223 "-" "Mozilla/5.0 (compatible; Googlebot/2.1; +http://www.google.com/bot.html)"
157.55.39.71 - - [26/Aug/2014:07:08:54 -0600] "GET /region/2706/filter/veg_level=2;category_id=1 HTTP/1.1" 200 4384 "-" "Mozilla/5.0 (compatible; bingbot/2.0; +http://www.bing.com/bingbot.htm)"
66.249.69.177 - - [26/Aug/2014:07:09:00 -0600] "GET /entry/near/42.6783,-88.2662/filter?unit=mile;distance=10;sort_order=ASC;page=1;order_by=distance;address=53105;limit=20 HTTP/1.1" 200 6680 "-" "Mozilla/5.0 (compatible; Googlebot/2.1; +http://www.google.com/bot.html)"
144.76.95.231 - - [26/Aug/2014:07:09:14 -0600] "GET /region/218search/?q=http://creditpujcka.cz/menu/%20p%C5%AFj%C4%8Dky%20bez%20ru%C4%8Ditele%20i%20Vy%20nev%C3%A1hejte%20a%20vyu%C5%BEijte%20p%C5%AFj%C4%8Dky%20bez%20registru HTTP/1.0" 302 320 "-" "Mozilla/5.0 (compatible; MJ12bot/v1.4.5; http://www.majestic12.co.uk/bot.php?+)"
68.180.225.35 - - [26/Aug/2014:07:09:15 -0600] "GET /entry/near/30.2202%2C-97.7492/filter?unit=mile;distance=25;sort_order=ASC;page=2;order_by=distance;address=73301;limit=20 HTTP/1.1" 200 9048 "-" "Mozilla/5.0 (compatible; Yahoo! Slurp; http://help.yahoo.com/help/us/ysearch/slurp)"
66.249.69.139 - - [26/Aug/2014:07:09:17 -0600] "GET /region/8/entry_form HTTP/1.1" 302 338 "-" "Mozilla/5.0 (compatible; Googlebot/2.1; +http://www.google.com/bot.html)"
66.249.69.193 - - [26/Aug/2014:07:09:19 -0600] "GET /entry/17669 HTTP/1.1" 200 5040 "-" "Mozilla/5.0 (compatible; Googlebot/2.1; +http://www.google.com/bot.html)"
157.55.39.70 - - [26/Aug/2014:07:09:24 -0600] "GET /user/11650 HTTP/1.1" 200 3233 "-" "Mozilla/5.0 (compatible; bingbot/2.0; +http://www.bing.com/bingbot.htm)"
72.92.52.149 - - [26/Aug/2014:07:09:25 -0600] "GET /region/599 HTTP/1.1" 200 4914 "-" "Mozilla/5.0 (iPhone; CPU iPhone OS 7_1_2 like Mac OS X) AppleWebKit/537.51.1 (KHTML, like Gecko) GSA/4.1.0.31802 Mobile/11D257 Safari/9537.53"
72.92.52.149 - - [26/Aug/2014:07:09:25 -0600] "GET /7b0744/css/vegguide-combined.css HTTP/1.1" 200 20810 "-" "Mozilla/5.0 (iPhone; CPU iPhone OS 7_1_2 like Mac OS X) AppleWebKit/537.51.1 (KHTML, like Gecko) GSA/4.1.0.31802 Mobile/11D257 Safari/9537.53"
72.92.52.149 - - [26/Aug/2014:07:09:25 -0600] "GET /images/vegguide-logo.png HTTP/1.1" 200 20540 "-" "Mozilla/5.0 (iPhone; CPU iPhone OS 7_1_2 like Mac OS X) AppleWebKit/537.51.1 (KHTML, like Gecko) GSA/4.1.0.31802 Mobile/11D257 Safari/9537.53"
72.92.52.149 - - [26/Aug/2014:07:09:25 -0600] "GET /images/close-button.png HTTP/1.1" 200 693 "-" "Mozilla/5.0 (iPhone; CPU iPhone OS 7_1_2 like Mac OS X) AppleWebKit/537.51.1 (KHTML, like Gecko) GSA/4.1.0.31802 Mobile/11D257 Safari/9537.53"
72.92.52.149 - - [26/Aug/2014:07:09:25 -0600] "GET /7b0744/images/sort-up.gif HTTP/1.1" 200 84 "-" "Mozilla/5.0 (iPhone; CPU iPhone OS 7_1_2 like Mac OS X) AppleWebKit/537.51.1 (KHTML, like Gecko) GSA/4.1.0.31802 Mobile/11D257 Safari/9537.53"
72.92.52.149 - - [26/Aug/2014:07:09:25 -0600] "GET /7b0744/images/sort-none.gif HTTP/1.1" 200 79 "-" "Mozilla/5.0 (iPhone; CPU iPhone OS 7_1_2 like Mac OS X) AppleWebKit/537.51.1 (KHTML, like Gecko) GSA/4.1.0.31802 Mobile/11D257 Safari/9537.53"
72.92.52.149 - - [26/Aug/2014:07:09:25 -0600] "GET /7b0744/images/ratings/green-4-00.png HTTP/1.1" 200 1221 "-" "Mozilla/5.0 (iPhone; CPU iPhone OS 7_1_2 like Mac OS X) AppleWebKit/537.51.1 (KHTML, like Gecko) GSA/4.1.0.31802 Mobile/11D257 Safari/9537.53"
72.92.52.149 - - [26/Aug/2014:07:09:25 -0600] "GET /7b0744/images/ratings/green-0-00.png HTTP/1.1" 200 791 "-" "Mozilla/5.0 (iPhone; CPU iPhone OS 7_1_2 like Mac OS X) AppleWebKit/537.51.1 (KHTML, like Gecko) GSA/4.1.0.31802 Mobile/11D257 Safari/9537.53"
72.92.52.149 - - [26/Aug/2014:07:09:25 -0600] "GET /7b0744/images/ratings/green-3-75.png HTTP/1.1" 200 1263 "-" "Mozilla/5.0 (iPhone; CPU iPhone OS 7_1_2 like Mac OS X) AppleWebKit/537.51.1 (KHTML, like Gecko) GSA/4.1.0.31802 Mobile/11D257 Safari/9537.53"
72.92.52.149 - - [26/Aug/2014:07:09:25 -0600] "GET /7b0744/images/ratings/green-3-50.png HTTP/1.1" 200 1283 "-" "Mozilla/5.0 (iPhone; CPU iPhone OS 7_1_2 like Mac OS X) AppleWebKit/537.51.1 (KHTML, like Gecko) GSA/4.1.0.31802 Mobile/11D257 Safari/9537.53"
72.92.52.149 - - [26/Aug/2014:07:09:25 -0600] "GET /7b0744/images/ratings/green-4-50.png HTTP/1.1" 200 878 "-" "Mozilla/5.0 (iPhone; CPU iPhone OS 7_1_2 like Mac OS X) AppleWebKit/537.51.1 (KHTML, like Gecko) GSA/4.1.0.31802 Mobile/11D257 Safari/9537.53"
72.92.52.149 - - [26/Aug/2014:07:09:25 -0600] "GET /images/caa-logo.png HTTP/1.1" 200 10681 "-" "Mozilla/5.0 (iPhone; CPU iPhone OS 7_1_2 like Mac OS X) AppleWebKit/537.51.1 (KHTML, like Gecko) GSA/4.1.0.31802 Mobile/11D257 Safari/9537.53"
72.92.52.149 - - [26/Aug/2014:07:09:25 -0600] "GET /images/thl-logo.png HTTP/1.1" 200 2925 "-" "Mozilla/5.0 (iPhone; CPU iPhone OS 7_1_2 like Mac OS X) AppleWebKit/537.51.1 (KHTML, like Gecko) GSA/4.1.0.31802 Mobile/11D257 Safari/9537.53"
72.92.52.149 - - [26/Aug/2014:07:09:25 -0600] "GET /images/peta-logo.jpg HTTP/1.1" 200 14774 "-" "Mozilla/5.0 (iPhone; CPU iPhone OS 7_1_2 like Mac OS X) AppleWebKit/537.51.1 (KHTML, like Gecko) GSA/4.1.0.31802 Mobile/11D257 Safari/9537.53"
72.92.52.149 - - [26/Aug/2014:07:09:25 -0600] "GET /7b0744/js/vegguide-combined.js HTTP/1.1" 200 94167 "-" "Mozilla/5.0 (iPhone; CPU iPhone OS 7_1_2 like Mac OS X) AppleWebKit/537.51.1 (KHTML, like Gecko) GSA/4.1.0.31802 Mobile/11D257 Safari/9537.53"
72.92.52.149 - - [26/Aug/2014:07:09:25 -0600] "GET /images/cok-logo.png HTTP/1.1" 200 8577 "-" "Mozilla/5.0 (iPhone; CPU iPhone OS 7_1_2 like Mac OS X) AppleWebKit/537.51.1 (KHTML, like Gecko) GSA/4.1.0.31802 Mobile/11D257 Safari/9537.53"
72.92.52.149 - - [26/Aug/2014:07:09:25 -0600] "GET /images/fs-logo.png HTTP/1.1" 200 10293 "-" "Mozilla/5.0 (iPhone; CPU iPhone OS 7_1_2 like Mac OS X) AppleWebKit/537.51.1 (KHTML, like Gecko) GSA/4.1.0.31802 Mobile/11D257 Safari/9537.53"
72.92.52.149 - - [26/Aug/2014:07:09:25 -0600] "GET /images/vo-logo.gif HTTP/1.1" 200 1553 "-" "Mozilla/5.0 (iPhone; CPU iPhone OS 7_1_2 like Mac OS X) AppleWebKit/537.51.1 (KHTML, like Gecko) GSA/4.1.0.31802 Mobile/11D257 Safari/9537.53"
72.92.52.149 - - [26/Aug/2014:07:09:26 -0600] "GET /images/loader.gif HTTP/1.1" 200 3208 "-" "Mozilla/5.0 (iPhone; CPU iPhone OS 7_1_2 like Mac OS X) AppleWebKit/537.51.1 (KHTML, like Gecko) GSA/4.1.0.31802 Mobile/11D257 Safari/9537.53"
72.92.52.149 - - [26/Aug/2014:07:09:26 -0600] "GET /images/transparent.gif HTTP/1.1" 200 49 "-" "Mozilla/5.0 (iPhone; CPU iPhone OS 7_1_2 like Mac OS X) AppleWebKit/537.51.1 (KHTML, like Gecko) GSA/4.1.0.31802 Mobile/11D257 Safari/9537.53"
23.239.8.38 - - [26/Aug/2014:07:09:31 -0600] "GET / HTTP/1.1" 301 178 "-" "check_http/v1.4.15 (nagios-plugins 1.4.15)"
23.239.8.38 - - [26/Aug/2014:07:09:31 -0600] "GET / HTTP/1.1" 200 10098 "-" "check_http/v1.4.15 (nagios-plugins 1.4.15)"
66.249.69.193 - - [26/Aug/2014:07:09:32 -0600] "GET /region/222/recent.atom?entries_only=1 HTTP/1.1" 200 7703 "-" "Mozilla/5.0 (compatible; Googlebot/2.1; +http://www.google.com/bot.html)"
144.76.95.231 - - [26/Aug/2014:07:09:36 -0600] "GET /region/218search/ HTTP/1.0" 302 280 "-" "Mozilla/5.0 (compatible; MJ12bot/v1.4.5; http://www.majestic12.co.uk/bot.php?+)"
37.58.100.142 - - [26/Aug/2014:07:09:52 -0600] "GET /user/5594 HTTP/1.1" 200 3648 "-" "Mozilla/5.0 (compatible; AhrefsBot/5.0; +http://ahrefs.com/robot/)"
157.55.39.71 - - [26/Aug/2014:07:09:54 -0600] "GET /region/1135 HTTP/1.1" 200 4317 "-" "Mozilla/5.0 (compatible; bingbot/2.0; +http://www.bing.com/bingbot.htm)"
183.60.214.53 - - [26/Aug/2014:07:09:55 -0600] "GET /user/8543 HTTP/1.1" 200 3247 "-" "Mozilla/5.0 (compatible; EasouSpider; +http://www.easou.com/search/spider.html)"
183.60.212.148 - - [26/Aug/2014:07:09:55 -0600] "GET /entry/8664 HTTP/1.1" 200 5714 "-" "Mozilla/5.0 (compatible; EasouSpider; +http://www.easou.com/search/spider.html)"
68.180.225.35 - - [26/Aug/2014:07:10:00 -0600] "GET /entry/7600 HTTP/1.1" 200 4933 "-" "Mozilla/5.0 (compatible; Yahoo! Slurp; http://help.yahoo.com/help/us/ysearch/slurp)"
144.76.95.231 - - [26/Aug/2014:07:10:00 -0600] "GET / HTTP/1.0" 200 10105 "-" "Mozilla/5.0 (compatible; MJ12bot/v1.4.5; http://www.majestic12.co.uk/bot.php?+)"
66.249.69.177 - - [26/Aug/2014:07:10:02 -0600] "GET /entry/15351 HTTP/1.1" 200 5451 "-" "Mozilla/5.0 (compatible; Googlebot/2.1; +http://www.google.com/bot.html)"
184.19.139.33 - - [26/Aug/2014:14:57:58 -0600] "GET /images/transparent.gif HTTP/1.1" 200 49 "-" "Mozilla/5.0 (Macintosh; Intel Mac OS X 10.9; rv:31.0) Gecko/20100101 Firefox/31.0"
184.19.139.33 - - [26/Aug/2014:14:57:58 -0600] "GET /images/red-bullet.png HTTP/1.1" 200 231 "-" "Mozilla/5.0 (Macintosh; Intel Mac OS X 10.9; rv:31.0) Gecko/20100101 Firefox/31.0"
184.19.139.33 - - [26/Aug/2014:14:57:58 -0600] "GET /images/ratings/blue-1-00.png HTTP/1.1" 200 1037 "-" "Mozilla/5.0 (Macintosh; Intel Mac OS X 10.9; rv:31.0) Gecko/20100101 Firefox/31.0"
184.19.139.33 - - [26/Aug/2014:14:57:58 -0600] "GET /images/ratings/blue-2-00.png HTTP/1.1" 200 1375 "-" "Mozilla/5.0 (Macintosh; Intel Mac OS X 10.9; rv:31.0) Gecko/20100101 Firefox/31.0"
184.19.139.33 - - [26/Aug/2014:14:57:58 -0600] "GET /images/ratings/blue-3-00.png HTTP/1.1" 200 1416 "-" "Mozilla/5.0 (Macintosh; Intel Mac OS X 10.9; rv:31.0) Gecko/20100101 Firefox/31.0"
184.19.139.33 - - [26/Aug/2014:14:57:58 -0600] "GET /images/ratings/blue-4-00.png HTTP/1.1" 200 1375 "-" "Mozilla/5.0 (Macintosh; Intel Mac OS X 10.9; rv:31.0) Gecko/20100101 Firefox/31.0"
184.19.139.33 - - [26/Aug/2014:14:57:58 -0600] "GET /images/ratings/blue-5-00.png HTTP/1.1" 200 1198 "-" "Mozilla/5.0 (Macintosh; Intel Mac OS X 10.9; rv:31.0) Gecko/20100101 Firefox/31.0"
54.226.18.35 - - [26/Aug/2014:14:57:59 -0600] "GET /region/2277/comment_form HTTP/1.0" 301 178 "-" "CCBot/2.0 (http://commoncrawl.org/faq/)"
54.226.18.35 - - [26/Aug/2014:14:57:59 -0600] "GET /region/2277/comment_form HTTP/1.0" 302 338 "-" "CCBot/2.0 (http://commoncrawl.org/faq/)"
68.180.225.35 - - [26/Aug/2014:14:58:15 -0600] "GET /entry/10149 HTTP/1.1" 200 4513 "-" "Mozilla/5.0 (compatible; Yahoo! Slurp; http://help.yahoo.com/help/us/ysearch/slurp)"
187.195.7.95 - - [26/Aug/2014:14:58:16 -0600] "GET /site/recent.atom HTTP/1.1" 200 20645 "-" "Apple-PubSub/65.28"
183.60.213.53 - - [26/Aug/2014:14:58:17 -0600] "GET /user/855 HTTP/1.1" 200 3590 "-" "Mozilla/5.0 (compatible; EasouSpider; +http://www.easou.com/search/spider.html)"
173.188.48.15 - - [26/Aug/2014:14:58:24 -0600] "GET /entry/13114 HTTP/1.1" 200 5467 "-" "Mozilla/5.0 (Macintosh; Intel Mac OS X 10_7_5) AppleWebKit/537.77.4 (KHTML, like Gecko) Version/6.1.5 Safari/537.77.4"
173.188.48.15 - - [26/Aug/2014:14:58:24 -0600] "GET /images/red-bullet.png HTTP/1.1" 200 231 "-" "Mozilla/5.0 (Macintosh; Intel Mac OS X 10_7_5) AppleWebKit/537.77.4 (KHTML, like Gecko) Version/6.1.5 Safari/537.77.4"
173.188.48.15 - - [26/Aug/2014:14:58:24 -0600] "GET /7b0744/images/ratings/green-5-00.png HTTP/1.1" 200 689 "-" "Mozilla/5.0 (Macintosh; Intel Mac OS X 10_7_5) AppleWebKit/537.77.4 (KHTML, like Gecko) Version/6.1.5 Safari/537.77.4"
173.188.48.15 - - [26/Aug/2014:14:58:24 -0600] "GET /images/upload-an-image.png HTTP/1.1" 200 7026 "-" "Mozilla/5.0 (Macintosh; Intel Mac OS X 10_7_5) AppleWebKit/537.77.4 (KHTML, like Gecko) Version/6.1.5 Safari/537.77.4"
157.55.39.245 - - [26/Aug/2014:14:58:24 -0600] "GET /entry/15283 HTTP/1.1" 200 4893 "-" "Mozilla/5.0 (compatible; bingbot/2.0; +http://www.bing.com/bingbot.htm)"
173.188.48.15 - - [26/Aug/2014:14:58:24 -0600] "GET /images/ratings/blue-1-00.png HTTP/1.1" 200 1037 "-" "Mozilla/5.0 (Macintosh; Intel Mac OS X 10_7_5) AppleWebKit/537.77.4 (KHTML, like Gecko) Version/6.1.5 Safari/537.77.4"
173.188.48.15 - - [26/Aug/2014:14:58:24 -0600] "GET /images/ratings/blue-3-00.png HTTP/1.1" 200 1416 "-" "Mozilla/5.0 (Macintosh; Intel Mac OS X 10_7_5) AppleWebKit/537.77.4 (KHTML, like Gecko) Version/6.1.5 Safari/537.77.4"
173.188.48.15 - - [26/Aug/2014:14:58:24 -0600] "GET /images/ratings/blue-2-00.png HTTP/1.1" 200 1375 "-" "Mozilla/5.0 (Macintosh; Intel Mac OS X 10_7_5) AppleWebKit/537.77.4 (KHTML, like Gecko) Version/6.1.5 Safari/537.77.4"
173.188.48.15 - - [26/Aug/2014:14:58:24 -0600] "GET /images/ratings/blue-4-00.png HTTP/1.1" 200 1375 "-" "Mozilla/5.0 (Macintosh; Intel Mac OS X 10_7_5) AppleWebKit/537.77.4 (KHTML, like Gecko) Version/6.1.5 Safari/537.77.4"
173.188.48.15 - - [26/Aug/2014:14:58:24 -0600] "GET /images/ratings/blue-5-00.png HTTP/1.1" 200 1198 "-" "Mozilla/5.0 (Macintosh; Intel Mac OS X 10_7_5) AppleWebKit/537.77.4 (KHTML, like Gecko) Version/6.1.5 Safari/537.77.4"
66.249.69.177 - - [26/Aug/2014:14:58:25 -0600] "GET /entry/19121 HTTP/1.1" 200 4340 "-" "Mozilla/5.0 (iPhone; CPU iPhone OS 6_0 like Mac OS X) AppleWebKit/536.26 (KHTML, like Gecko) Version/6.0 Mobile/10A5376e Safari/8536.25 (compatible; Googlebot/2.1; +http://www.google.com/bot.html)"
150.135.211.200 - - [26/Aug/2014:14:58:27 -0600] "GET /entry/1192 HTTP/1.1" 200 5140 "-" "Mozilla/5.0 (Windows NT 6.3; WOW64) AppleWebKit/537.36 (KHTML, like Gecko) Chrome/36.0.1985.143 Safari/537.36"
150.135.211.200 - - [26/Aug/2014:14:58:27 -0600] "GET /7b0744/css/vegguide-combined.css HTTP/1.1" 200 20810 "-" "Mozilla/5.0 (Windows NT 6.3; WOW64) AppleWebKit/537.36 (KHTML, like Gecko) Chrome/36.0.1985.143 Safari/537.36"
150.135.211.200 - - [26/Aug/2014:14:58:27 -0600] "GET /images/vegguide-logo.png HTTP/1.1" 200 20540 "-" "Mozilla/5.0 (Windows NT 6.3; WOW64) AppleWebKit/537.36 (KHTML, like Gecko) Chrome/36.0.1985.143 Safari/537.36"
150.135.211.200 - - [26/Aug/2014:14:58:27 -0600] "GET /images/close-button.png HTTP/1.1" 200 693 "-" "Mozilla/5.0 (Windows NT 6.3; WOW64) AppleWebKit/537.36 (KHTML, like Gecko) Chrome/36.0.1985.143 Safari/537.36"
150.135.211.200 - - [26/Aug/2014:14:58:27 -0600] "GET /7b0744/images/ratings/green-0-00.png HTTP/1.1" 200 791 "-" "Mozilla/5.0 (Windows NT 6.3; WOW64) AppleWebKit/537.36 (KHTML, like Gecko) Chrome/36.0.1985.143 Safari/537.36"
150.135.211.200 - - [26/Aug/2014:14:58:27 -0600] "GET /7b0744/images/american_express.png HTTP/1.1" 200 1219 "-" "Mozilla/5.0 (Windows NT 6.3; WOW64) AppleWebKit/537.36 (KHTML, like Gecko) Chrome/36.0.1985.143 Safari/537.36"
150.135.211.200 - - [26/Aug/2014:14:58:27 -0600] "GET /7b0744/images/discover.png HTTP/1.1" 200 1527 "-" "Mozilla/5.0 (Windows NT 6.3; WOW64) AppleWebKit/537.36 (KHTML, like Gecko) Chrome/36.0.1985.143 Safari/537.36"
150.135.211.200 - - [26/Aug/2014:14:58:27 -0600] "GET /7b0744/images/visa.png HTTP/1.1" 200 1404 "-" "Mozilla/5.0 (Windows NT 6.3; WOW64) AppleWebKit/537.36 (KHTML, like Gecko) Chrome/36.0.1985.143 Safari/537.36"
150.135.211.200 - - [26/Aug/2014:14:58:27 -0600] "GET /7b0744/images/mastercard.png HTTP/1.1" 200 1753 "-" "Mozilla/5.0 (Windows NT 6.3; WOW64) AppleWebKit/537.36 (KHTML, like Gecko) Chrome/36.0.1985.143 Safari/537.36"
150.135.211.200 - - [26/Aug/2014:14:58:27 -0600] "GET /entry-images/1192/1192-7578-small.jpg HTTP/1.1" 200 15031 "-" "Mozilla/5.0 (Windows NT 6.3; WOW64) AppleWebKit/537.36 (KHTML, like Gecko) Chrome/36.0.1985.143 Safari/537.36"
150.135.211.200 - - [26/Aug/2014:14:58:27 -0600] "GET /images/thl-logo.png HTTP/1.1" 200 2925 "-" "Mozilla/5.0 (Windows NT 6.3; WOW64) AppleWebKit/537.36 (KHTML, like Gecko) Chrome/36.0.1985.143 Safari/537.36"
150.135.211.200 - - [26/Aug/2014:14:58:27 -0600] "GET /images/caa-logo.png HTTP/1.1" 200 10681 "-" "Mozilla/5.0 (Windows NT 6.3; WOW64) AppleWebKit/537.36 (KHTML, like Gecko) Chrome/36.0.1985.143 Safari/537.36"
150.135.211.200 - - [26/Aug/2014:14:58:27 -0600] "GET /images/peta-logo.jpg HTTP/1.1" 200 14774 "-" "Mozilla/5.0 (Windows NT 6.3; WOW64) AppleWebKit/537.36 (KHTML, like Gecko) Chrome/36.0.1985.143 Safari/537.36"
150.135.211.200 - - [26/Aug/2014:14:58:27 -0600] "GET /images/cok-logo.png HTTP/1.1" 200 8577 "-" "Mozilla/5.0 (Windows NT 6.3; WOW64) AppleWebKit/537.36 (KHTML, like Gecko) Chrome/36.0.1985.143 Safari/537.36"
150.135.211.200 - - [26/Aug/2014:14:58:27 -0600] "GET /7b0744/js/vegguide-combined.js HTTP/1.1" 200 94167 "-" "Mozilla/5.0 (Windows NT 6.3; WOW64) AppleWebKit/537.36 (KHTML, like Gecko) Chrome/36.0.1985.143 Safari/537.36"
150.135.211.200 - - [26/Aug/2014:14:58:27 -0600] "GET /images/fs-logo.png HTTP/1.1" 200 10293 "-" "Mozilla/5.0 (Windows NT 6.3; WOW64) AppleWebKit/537.36 (KHTML, like Gecko) Chrome/36.0.1985.143 Safari/537.36"
150.135.211.200 - - [26/Aug/2014:14:58:27 -0600] "GET /images/vo-logo.gif HTTP/1.1" 200 1553 "-" "Mozilla/5.0 (Windows NT 6.3; WOW64) AppleWebKit/537.36 (KHTML, like Gecko) Chrome/36.0.1985.143 Safari/537.36"
66.249.69.161 - - [26/Aug/2014:14:58:27 -0600] "GET /entry/near/39.7802,-93.2999/filter?unit=mile;distance=2;sort_order=ASC;page=1;order_by=distance;address=64659;limit=20 HTTP/1.1" 200 6213 "-" "Mozilla/5.0 (compatible; Googlebot/2.1; +http://www.google.com/bot.html)"
150.135.211.200 - - [26/Aug/2014:14:58:27 -0600] "GET /images/red-bullet.png HTTP/1.1" 200 231 "-" "Mozilla/5.0 (Windows NT 6.3; WOW64) AppleWebKit/537.36 (KHTML, like Gecko) Chrome/36.0.1985.143 Safari/537.36"
150.135.211.200 - - [26/Aug/2014:14:58:27 -0600] "GET /images/transparent.gif HTTP/1.1" 200 49 "-" "Mozilla/5.0 (Windows NT 6.3; WOW64) AppleWebKit/537.36 (KHTML, like Gecko) Chrome/36.0.1985.143 Safari/537.36"
150.135.211.200 - - [26/Aug/2014:14:58:27 -0600] "GET /images/loader.gif HTTP/1.1" 200 3208 "-" "Mozilla/5.0 (Windows NT 6.3; WOW64) AppleWebKit/537.36 (KHTML, like Gecko) Chrome/36.0.1985.143 Safari/537.36"
150.135.211.200 - - [26/Aug/2014:14:58:28 -0600] "GET /images/ratings/blue-2-00.png HTTP/1.1" 200 1375 "-" "Mozilla/5.0 (Windows NT 6.3; WOW64) AppleWebKit/537.36 (KHTML, like Gecko) Chrome/36.0.1985.143 Safari/537.36"
150.135.211.200 - - [26/Aug/2014:14:58:28 -0600] "GET /images/ratings/blue-1-00.png HTTP/1.1" 200 1037 "-" "Mozilla/5.0 (Windows NT 6.3; WOW64) AppleWebKit/537.36 (KHTML, like Gecko) Chrome/36.0.1985.143 Safari/537.36"
150.135.211.200 - - [26/Aug/2014:14:58:28 -0600] "GET /images/ratings/blue-5-00.png HTTP/1.1" 200 1198 "-" "Mozilla/5.0 (Windows NT 6.3; WOW64) AppleWebKit/537.36 (KHTML, like Gecko) Chrome/36.0.1985.143 Safari/537.36"
150.135.211.200 - - [26/Aug/2014:14:58:28 -0600] "GET /images/ratings/blue-4-00.png HTTP/1.1" 200 1375 "-" "Mozilla/5.0 (Windows NT 6.3; WOW64) AppleWebKit/537.36 (KHTML, like Gecko) Chrome/36.0.1985.143 Safari/537.36"
150.135.211.200 - - [26/Aug/2014:14:58:28 -0600] "GET /images/ratings/blue-3-00.png HTTP/1.1" 200 1416 "-" "Mozilla/5.0 (Windows NT 6.3; WOW64) AppleWebKit/537.36 (KHTML, like Gecko) Chrome/36.0.1985.143 Safari/537.36"
150.135.211.200 - - [26/Aug/2014:14:58:28 -0600] "GET /images/favicon.ico HTTP/1.1" 200 1022 "-" "Mozilla/5.0 (Windows NT 6.3; WOW64) AppleWebKit/537.36 (KHTML, like Gecko) Chrome/36.0.1985.143 Safari/537.36"
4.35.150.131 - - [26/Aug/2014:14:58:35 -0600] "GET /site/recent.atom HTTP/1.1" 200 20645 "-" "Apple-PubSub/65.28"
194.0.59.52 - - [26/Aug/2014:14:58:36 -0600] "GET /site/recent.rss HTTP/1.1" 200 20388 "-" "Bloglovin/1.0 (http://www.bloglovin.com; 1 subscribers)"
54.226.216.66 - - [26/Aug/2014:14:58:38 -0600] "GET /region/2327/filter?sort_order=DESC;page=1;order_by=name;limit=20 HTTP/1.0" 200 11698 "-" "CCBot/2.0 (http://commoncrawl.org/faq/)"
54.226.18.35 - - [26/Aug/2014:14:58:44 -0600] "GET /region/715/stats HTTP/1.0" 301 178 "-" "CCBot/2.0 (http://commoncrawl.org/faq/)"
54.226.18.35 - - [26/Aug/2014:14:58:44 -0600] "GET /region/715/stats HTTP/1.0" 200 8574 "-" "CCBot/2.0 (http://commoncrawl.org/faq/)"
50.101.218.208 - - [26/Aug/2014:14:58:53 -0600] "GET /region/459 HTTP/1.1" 200 8127 "-" "Mozilla/5.0 (Macintosh; Intel Mac OS X 10_9_4) AppleWebKit/537.78.2 (KHTML, like Gecko) Version/7.0.6 Safari/537.78.2"
50.101.218.208 - - [26/Aug/2014:14:58:53 -0600] "GET /7b0744/css/vegguide-combined.css HTTP/1.1" 200 20810 "-" "Mozilla/5.0 (Macintosh; Intel Mac OS X 10_9_4) AppleWebKit/537.78.2 (KHTML, like Gecko) Version/7.0.6 Safari/537.78.2"
157.55.39.237 - - [26/Aug/2014:14:58:54 -0600] "GET /entry/9680 HTTP/1.1" 200 6492 "-" "Mozilla/5.0 (compatible; bingbot/2.0; +http://www.bing.com/bingbot.htm)"
50.101.218.208 - - [26/Aug/2014:14:58:54 -0600] "GET /7b0744/js/vegguide-combined.js HTTP/1.1" 200 94167 "-" "Mozilla/5.0 (Macintosh; Intel Mac OS X 10_9_4) AppleWebKit/537.78.2 (KHTML, like Gecko) Version/7.0.6 Safari/537.78.2"
50.101.218.208 - - [26/Aug/2014:14:58:54 -0600] "GET /images/loader.gif HTTP/1.1" 200 3208 "-" "Mozilla/5.0 (Macintosh; Intel Mac OS X 10_9_4) AppleWebKit/537.78.2 (KHTML, like Gecko) Version/7.0.6 Safari/537.78.2"
50.101.218.208 - - [26/Aug/2014:14:58:54 -0600] "GET /images/transparent.gif HTTP/1.1" 200 49 "-" "Mozilla/5.0 (Macintosh; Intel Mac OS X 10_9_4) AppleWebKit/537.78.2 (KHTML, like Gecko) Version/7.0.6 Safari/537.78.2"
50.101.218.208 - - [26/Aug/2014:14:58:54 -0600] "GET /images/vegguide-logo.png HTTP/1.1" 200 20540 "-" "Mozilla/5.0 (Macintosh; Intel Mac OS X 10_9_4) AppleWebKit/537.78.2 (KHTML, like Gecko) Version/7.0.6 Safari/537.78.2"
50.101.218.208 - - [26/Aug/2014:14:58:54 -0600] "GET /7b0744/images/ratings/green-3-50.png HTTP/1.1" 200 1283 "-" "Mozilla/5.0 (Macintosh; Intel Mac OS X 10_9_4) AppleWebKit/537.78.2 (KHTML, like Gecko) Version/7.0.6 Safari/537.78.2"
50.101.218.208 - - [26/Aug/2014:14:58:54 -0600] "GET /7b0744/images/ratings/green-0-00.png HTTP/1.1" 200 791 "-" "Mozilla/5.0 (Macintosh; Intel Mac OS X 10_9_4) AppleWebKit/537.78.2 (KHTML, like Gecko) Version/7.0.6 Safari/537.78.2"
50.101.218.208 - - [26/Aug/2014:14:58:54 -0600] "GET /images/close-button.png HTTP/1.1" 200 693 "-" "Mozilla/5.0 (Macintosh; Intel Mac OS X 10_9_4) AppleWebKit/537.78.2 (KHTML, like Gecko) Version/7.0.6 Safari/537.78.2"
50.101.218.208 - - [26/Aug/2014:14:58:54 -0600] "GET /7b0744/images/sort-up.gif HTTP/1.1" 200 84 "-" "Mozilla/5.0 (Macintosh; Intel Mac OS X 10_9_4) AppleWebKit/537.78.2 (KHTML, like Gecko) Version/7.0.6 Safari/537.78.2"
50.101.218.208 - - [26/Aug/2014:14:58:54 -0600] "GET /7b0744/images/sort-none.gif HTTP/1.1" 200 79 "-" "Mozilla/5.0 (Macintosh; Intel Mac OS X 10_9_4) AppleWebKit/537.78.2 (KHTML, like Gecko) Version/7.0.6 Safari/537.78.2"
50.101.218.208 - - [26/Aug/2014:14:58:54 -0600] "GET /7b0744/images/ratings/green-4-50.png HTTP/1.1" 200 878 "-" "Mozilla/5.0 (Macintosh; Intel Mac OS X 10_9_4) AppleWebKit/537.78.2 (KHTML, like Gecko) Version/7.0.6 Safari/537.78.2"
50.101.218.208 - - [26/Aug/2014:14:58:54 -0600] "GET /7b0744/images/ratings/green-4-25.png HTTP/1.1" 200 896 "-" "Mozilla/5.0 (Macintosh; Intel Mac OS X 10_9_4) AppleWebKit/537.78.2 (KHTML, like Gecko) Version/7.0.6 Safari/537.78.2"
50.101.218.208 - - [26/Aug/2014:14:58:54 -0600] "GET /7b0744/images/ratings/green-3-00.png HTTP/1.1" 200 1105 "-" "Mozilla/5.0 (Macintosh; Intel Mac OS X 10_9_4) AppleWebKit/537.78.2 (KHTML, like Gecko) Version/7.0.6 Safari/537.78.2"
50.101.218.208 - - [26/Aug/2014:14:58:54 -0600] "GET /7b0744/images/ratings/green-4-00.png HTTP/1.1" 200 1221 "-" "Mozilla/5.0 (Macintosh; Intel Mac OS X 10_9_4) AppleWebKit/537.78.2 (KHTML, like Gecko) Version/7.0.6 Safari/537.78.2"
50.101.218.208 - - [26/Aug/2014:14:58:54 -0600] "GET /images/caa-logo.png HTTP/1.1" 200 10681 "-" "Mozilla/5.0 (Macintosh; Intel Mac OS X 10_9_4) AppleWebKit/537.78.2 (KHTML, like Gecko) Version/7.0.6 Safari/537.78.2"
50.101.218.208 - - [26/Aug/2014:14:58:54 -0600] "GET /images/thl-logo.png HTTP/1.1" 200 2925 "-" "Mozilla/5.0 (Macintosh; Intel Mac OS X 10_9_4) AppleWebKit/537.78.2 (KHTML, like Gecko) Version/7.0.6 Safari/537.78.2"
50.101.218.208 - - [26/Aug/2014:14:58:54 -0600] "GET /images/peta-logo.jpg HTTP/1.1" 200 14774 "-" "Mozilla/5.0 (Macintosh; Intel Mac OS X 10_9_4) AppleWebKit/537.78.2 (KHTML, like Gecko) Version/7.0.6 Safari/537.78.2"
50.101.218.208 - - [26/Aug/2014:14:58:54 -0600] "GET /images/cok-logo.png HTTP/1.1" 200 8577 "-" "Mozilla/5.0 (Macintosh; Intel Mac OS X 10_9_4) AppleWebKit/537.78.2 (KHTML, like Gecko) Version/7.0.6 Safari/537.78.2"
50.101.218.208 - - [26/Aug/2014:14:58:54 -0600] "GET /images/fs-logo.png HTTP/1.1" 200 10293 "-" "Mozilla/5.0 (Macintosh; Intel Mac OS X 10_9_4) AppleWebKit/537.78.2 (KHTML, like Gecko) Version/7.0.6 Safari/537.78.2"
50.101.218.208 - - [26/Aug/2014:14:58:54 -0600] "GET /images/vo-logo.gif HTTP/1.1" 200 1553 "-" "Mozilla/5.0 (Macintosh; Intel Mac OS X 10_9_4) AppleWebKit/537.78.2 (KHTML, like Gecko) Version/7.0.6 Safari/537.78.2"
50.101.218.208 - - [26/Aug/2014:14:58:54 -0600] "GET /images/favicon.ico HTTP/1.1" 200 1022 "-" "Mozilla/5.0 (Macintosh; Intel Mac OS X 10_9_4) AppleWebKit/537.78.2 (KHTML, like Gecko) Version/7.0.6 Safari/537.78.2"
202.78.93.219 - - [26/Aug/2014:14:58:56 -0600] "GET /region/2 HTTP/1.1" 200 5084 "-" "Mozilla/5.0 (Windows NT 6.1) AppleWebKit/537.36 (KHTML, like Gecko) Chrome/36.0.1985.143 Safari/537.36"
66.249.69.177 - - [26/Aug/2014:14:58:59 -0600] "GET /entry/13395/reviews HTTP/1.1" 200 3081 "-" "Mozilla/5.0 (compatible; Googlebot/2.1; +http://www.google.com/bot.html)"
68.180.225.35 - - [26/Aug/2014:14:59:00 -0600] "GET /entry/2785 HTTP/1.1" 200 5360 "-" "Mozilla/5.0 (compatible; Yahoo! Slurp; http://help.yahoo.com/help/us/ysearch/slurp)"
67.191.225.93 - - [26/Aug/2014:14:59:01 -0600] "GET /favicon.ico HTTP/1.1" 200 1022 "-" "Mozilla/5.0 (Windows NT 6.3; WOW64) AppleWebKit/537.36 (KHTML, like Gecko) Chrome/36.0.1985.143 Safari/537.36"
37.58.100.142 - - [26/Aug/2014:14:59:08 -0600] "GET /entry/near/19.2017%2C-155.523/filter?unit=km;distance=20;sort_order=DESC;page=1;order_by=how_veg;address=96777;limit=20 HTTP/1.1" 200 6224 "-" "Mozilla/5.0 (compatible; AhrefsBot/5.0; +http://ahrefs.com/robot/)"
37.58.100.142 - - [26/Aug/2014:14:59:18 -0600] "GET /entry/near/30.3545%2C-97.6551/filter?unit=mile;distance=25;sort_order=ASC;page=;order_by=distance;address=78710;limit= HTTP/1.1" 200 8976 "-" "Mozilla/5.0 (compatible; AhrefsBot/5.0; +http://ahrefs.com/robot/)"
65.19.138.33 - - [26/Aug/2014:14:59:21 -0600] "GET /region/93/recent.rss?entries_only=1 HTTP/1.1" 200 6860 "-" "Feedly/1.0 (+http://www.feedly.com/fetcher.html; like FeedFetcher-Google)"
54.226.216.66 - - [26/Aug/2014:14:59:23 -0600] "GET /region/2074/filter/category_id=1?sort_order=ASC;page=1;order_by=name;limit=20 HTTP/1.0" 200 10735 "-" "CCBot/2.0 (http://commoncrawl.org/faq/)"
172.56.2.244 - - [26/Aug/2014:14:59:25 -0600] "GET / HTTP/1.1" 200 3917 "-" "Mozilla/5.0 (compatible; MSIE 10.0; Windows Phone 8.0; Trident/6.0; IEMobile/10.0; ARM; Touch; NOKIA; Lumia 521)"